[www.themehelite.com/themeforest/future/index-2.html]
[backblue.gif]
[fade.gif]
[index.html]
[maxcdn.bootstrapcdn.com/bootstrap/3.3.4/css/bootstrap.min.css]
[cdn.themehelite.com/themeforest/future/assets/css/animate.css]
[maxcdn.bootstrapcdn.com/font-awesome/4.6.1/css/font-awesome.min.css]
[cdn.themehelite.com/themeforest/future/assets/css/style.css]
[www.themehelite.com/themeforest/future/index.html]
[www.themehelite.com/themeforest/future/index-3.html]
[www.themehelite.com/themeforest/future/index-4.html]
[www.themehelite.com/themeforest/future/index-5.html]
[www.themehelite.com/themeforest/future/index-6.html]
[www.themehelite.com/themeforest/future/index-7.html]
[www.themehelite.com/themeforest/future/index-8.html]
[www.themehelite.com/themeforest/future/index-9.html]
[www.themehelite.com/themeforest/future/index-10.html]
[cdn.themehelite.com/themeforest/future/assets/img/winter.jpg]
[cdn.themehelite.com/themeforest/future/assets/img/slide1.jpg]
[cdn.themehelite.com/themeforest/future/assets/img/slide2.jpg]
[cdn.themehelite.com/themeforest/future/assets/img/slide3.jpg]
[www.themehelite.com/themeforest/future/assets/sounds/glass-tone.mp3]
[www.themehelite.com/themeforest/future/assets/sounds/0595.mp3]
[cdn.themehelite.com/themeforest/future/assets/js/jquery.lwtCountdown-1.0.js]
[cdn.themehelite.com/themeforest/future/assets/js/bootstrap.min.js]
[cdn.themehelite.com/themeforest/future/assets/js/jquery.popupoverlay.js]
[cdn.themehelite.com/themeforest/future/assets/js/jquery.swipebox.js]
[cdn.themehelite.com/themeforest/future/assets/js/contact_me.js]
[cdn.themehelite.com/themeforest/future/assets/js/rainyday.js]
[cdn.themehelite.com/themeforest/future/assets/js/jquery-1.10.2.min.js]
[cdn.themehelite.com/themeforest/future/assets/js/script.js]
[cdn.themehelite.com/themeforest/future/assets/js/jquery-ui-1.8.16.custom.min.js]
[cdn.themehelite.com/themeforest/future/assets/js/jquery.lettering.js]
[cdn.themehelite.com/themeforest/future/assets/js/jquery.textillate.js]
[cdn.themehelite.com/themeforest/future/assets/js/future.js]
[www.google-analytics.com/analytics.js]
[www.themehelite.com/themeforest/future/index-2.html]
[maxcdn.bootstrapcdn.com/bootstrap/3.3.4/css/bootstrap.min.css]
[maxcdn.bootstrapcdn.com/font-awesome/4.6.1/css/font-awesome.min.css]
[cdn.themehelite.com/themeforest/future/assets/css/animate.css]
[cdn.themehelite.com/themeforest/future/assets/img/06.png]
[cdn.themehelite.com/themeforest/future/assets/img/loader.gif]
[cdn.themehelite.com/themeforest/future/assets/css/style.css]
[www.themehelite.com/themeforest/future/index.html]
[www.themehelite.com/themeforest/future/index-3.html]
[cdn.themehelite.com/themeforest/future/assets/js/jquery.vegas.js]
[www.themehelite.com/themeforest/future/index-4.html]
[cdn.themehelite.com/themeforest/future/assets/js/jquery.mb.YTPlayer.js]
[www.themehelite.com/themeforest/future/index-5.html]
[www.themehelite.com/themeforest/future/index-6.html]
[cdn.themehelite.com/themeforest/future/assets/js/fss.js]
[www.themehelite.com/themeforest/future/index-7.html]
[www.themehelite.com/themeforest/future/index-8.html]
[cdn.themehelite.com/themeforest/future/assets/js/parallax.js]
[cdn.themehelite.com/themeforest/future/assets/js/custom.js]
[cdn.themehelite.com/themeforest/future/assets/js/sketch.js]
[www.themehelite.com/themeforest/future/index-9.html]
[cdn.themehelite.com/themeforest/future/assets/js/glassyWorms.js]
[www.themehelite.com/themeforest/future/index-10.html]
[cdn.themehelite.com/themeforest/future/assets/js/starfield.js]
[cdn.themehelite.com/themeforest/future/assets/img/loader.html]
[cdn.themehelite.com/themeforest/future/assets/js/notifyMe.js]
